
> react-typescript-starter@0.1.0 test
> react-scripts test

Browserslist: caniuse-lite is outdated. Please run:
  npx browserslist@latest --update-db
  Why you should do it regularly: https://github.com/browserslist/browserslist#browsers-data-updating
FAIL src/HtmlCss.test.tsx
  ● Some HTML Elements are added. › There is a header

    TestingLibraryElementError: Unable to find an accessible element with the role "heading"

    Here are the accessible roles:

      banner:

      Name "":
      [36m<header[39m
        [33mclass[39m=[32m"App-header"[39m
        [33mstyle[39m=[32m"background: rgb(27, 65, 220);"[39m
      [36m/>[39m

      Name "":
      [36m<header />[39m

      --------------------------------------------------
      img:

      Name "Just some random image":
      [36m<img[39m
        [33malt[39m=[32m"Just some random image"[39m
        [33msrc[39m=[32m"https://www.hostinger.com/tutorials/wp-content/uploads/sites/2/2018/11/what-is-html-3.jpg"[39m
      [36m/>[39m

      --------------------------------------------------
      list:

      Name "":
      [36m<ul />[39m

      --------------------------------------------------
      listitem:

      Name "":
      [36m<li />[39m

      Name "":
      [36m<li />[39m

      Name "":
      [36m<li />[39m

      --------------------------------------------------
      button:

      Name "Log Hello World":
      [36m<button[39m
        [33mclass[39m=[32m"btn btn-primary"[39m
        [33mtype[39m=[32m"button"[39m
      [36m/>[39m

      --------------------------------------------------

    Ignored nodes: comments, <script />, <style />
    [36m<body>[39m
      [36m<div>[39m
        [36m<div[39m
          [33mclass[39m=[32m"App"[39m
        [36m>[39m
          [36m<header[39m
            [33mclass[39m=[32m"App-header"[39m
            [33mstyle[39m=[32m"background: rgb(27, 65, 220);"[39m
          [36m>[39m
            [0mUD CISC275 with React Hooks and TypeScript[0m
          [36m</header>[39m
          [36m<header>[39m
            [0mNew Header[0m
          [36m</header>[39m
          [36m<p>[39m
            [0mEdit [0m
            [36m<code>[39m
              [0msrc/App.tsx[0m
            [36m</code>[39m
            [0m and save. This page will automatically reload. Editor: Yuqing Pan Hello World[0m
          [36m</p>[39m
          [36m<img[39m
            [33malt[39m=[32m"Just some random image"[39m
            [33msrc[39m=[32m"https://www.hostinger.com/tutorials/wp-content/uploads/sites/2/2018/11/what-is-html-3.jpg"[39m
          [36m/>[39m
          [36m<ul>[39m
            [36m<li>[39m
              [0mElement 1[0m
            [36m</li>[39m
            [36m<li>[39m
              [0mElement 2[0m
            [36m</li>[39m
            [36m<li>[39m
              [0mElement 3[0m
            [36m</li>[39m
          [36m</ul>[39m
          [36m<button[39m
            [33mclass[39m=[32m"btn btn-primary"[39m
            [33mtype[39m=[32m"button"[39m
          [36m>[39m
            [0mLog Hello World[0m
          [36m</button>[39m
          [36m<div[39m
            [33mclass[39m=[32m"App-rect"[39m
          [36m>[39m
            [36m<div[39m
              [33mclass[39m=[32m"container"[39m
            [36m>[39m
              [36m<div[39m
                [33mclass[39m=[32m"row"[39m
              [36m>[39m
                [36m<div[39m
                  [33mclass[39m=[32m"col"[39m
                [36m>[39m
                  [0mFirst column[0m
                [36m</div>[39m
                [36m<br />[39m
                [36m<div[39m
                  [33mclass[39m=[32m"col"[39m
                [36m>[39m
                  [0mSecond column[0m
                [36m</div>[39m
              [36m</div>[39m
            [36m</div>[39m
          [36m</div>[39m
        [36m</div>[39m
      [36m</div>[39m
    [36m</body>[39m

       7 |     test("There is a header", () => {
       8 |         render(<App />);
    >  9 |         const header = screen.getByRole("heading");
         |                               ^
      10 |         expect(header).toBeInTheDocument();
      11 |     });
      12 |

      at Object.getElementError (node_modules/@testing-library/dom/dist/config.js:38:19)
      at node_modules/@testing-library/dom/dist/query-helpers.js:90:38
      at node_modules/@testing-library/dom/dist/query-helpers.js:62:17
      at getByRole (node_modules/@testing-library/dom/dist/query-helpers.js:111:19)
      at Object.<anonymous> (src/HtmlCss.test.tsx:9:31)

  ● Some basic CSS is added. › The background color of the header area is different

    TestingLibraryElementError: Found multiple elements with the role "banner"

    Here are the matching elements:

    Ignored nodes: comments, <script />, <style />
    [36m<header[39m
      [33mclass[39m=[32m"App-header"[39m
      [33mstyle[39m=[32m"background: rgb(27, 65, 220);"[39m
    [36m>[39m
      [0mUD CISC275 with React Hooks and TypeScript[0m
    [36m</header>[39m

    Ignored nodes: comments, <script />, <style />
    [36m<header>[39m
      [0mNew Header[0m
    [36m</header>[39m

    (If this is intentional, then use the `*AllBy*` variant of the query (like `queryAllByText`, `getAllByText`, or `findAllByText`)).

    Ignored nodes: comments, <script />, <style />
    [36m<body>[39m
      [36m<div>[39m
        [36m<div[39m
          [33mclass[39m=[32m"App"[39m
        [36m>[39m
          [36m<header[39m
            [33mclass[39m=[32m"App-header"[39m
            [33mstyle[39m=[32m"background: rgb(27, 65, 220);"[39m
          [36m>[39m
            [0mUD CISC275 with React Hooks and TypeScript[0m
          [36m</header>[39m
          [36m<header>[39m
            [0mNew Header[0m
          [36m</header>[39m
          [36m<p>[39m
            [0mEdit [0m
            [36m<code>[39m
              [0msrc/App.tsx[0m
            [36m</code>[39m
            [0m and save. This page will automatically reload. Editor: Yuqing Pan Hello World[0m
          [36m</p>[39m
          [36m<img[39m
            [33malt[39m=[32m"Just some random image"[39m
            [33msrc[39m=[32m"https://www.hostinger.com/tutorials/wp-content/uploads/sites/2/2018/11/what-is-html-3.jpg"[39m
          [36m/>[39m
          [36m<ul>[39m
            [36m<li>[39m
              [0mElement 1[0m
            [36m</li>[39m
            [36m<li>[39m
              [0mElement 2[0m
            [36m</li>[39m
            [36m<li>[39m
              [0mElement 3[0m
            [36m</li>[39m
          [36m</ul>[39m
          [36m<button[39m
            [33mclass[39m=[32m"btn btn-primary"[39m
            [33mtype[39m=[32m"button"[39m
          [36m>[39m
            [0mLog Hello World[0m
          [36m</button>[39m
          [36m<div[39m
            [33mclass[39m=[32m"App-rect"[39m
          [36m>[39m
            [36m<div[39m
              [33mclass[39m=[32m"container"[39m
            [36m>[39m
              [36m<div[39m
                [33mclass[39m=[32m"row"[39m
              [36m>[39m
                [36m<div[39m
                  [33mclass[39m=[32m"col"[39m
                [36m>[39m
                  [0mFirst column[0m
                [36m</div>[39m
                [36m<br />[39m
                [36m<div[39m
                  [33mclass[39m=[32m"col"[39m
                [36m>[39m
                  [0mSecond column[0m
                [36m</div>[39m
              [36m</div>[39m
            [36m</div>[39m
          [36m</div>[39m
        [36m</div>[39m
      [36m</div>[39m
    [36m</body>[39m

      29 |     test("The background color of the header area is different", () => {
      30 |         render(<App />);
    > 31 |         const banner = screen.getByRole("banner");
         |                               ^
      32 |         expect(banner).not.toHaveStyle({
      33 |             "background-color": "rgb(40, 44, 52)"
      34 |         });

      at Object.getElementError (node_modules/@testing-library/dom/dist/config.js:38:19)
      at getElementError (node_modules/@testing-library/dom/dist/query-helpers.js:25:35)
      at getMultipleElementsFoundError (node_modules/@testing-library/dom/dist/query-helpers.js:29:10)
      at node_modules/@testing-library/dom/dist/query-helpers.js:66:13
      at getByRole (node_modules/@testing-library/dom/dist/query-helpers.js:111:19)
      at Object.<anonymous> (src/HtmlCss.test.tsx:31:31)

PASS src/text.test.tsx
PASS src/App.test.tsx
----------|---------|----------|---------|---------|-------------------
File      | % Stmts | % Branch | % Funcs | % Lines | Uncovered Line #s 
----------|---------|----------|---------|---------|-------------------
All files |     100 |      100 |     100 |     100 |                   
 App.tsx  |     100 |      100 |     100 |     100 |                   
----------|---------|----------|---------|---------|-------------------

Test Suites: 1 failed, 2 passed, 3 total
Tests:       2 failed, 7 passed, 9 total
Snapshots:   0 total
Time:        2.867 s
Ran all test suites.
